# This file was saved at Sat Nov 23 2024 09:19:47 GMT+0700 (Waktu Indochina)
# from file:///C:/Program%20Files/RoboMind/mapeditor/index.html

extra:

paint:
(w,.,3,1)
(b,.,4,1)
(b,.,2,2)
(b,.,23,2)
(w,.,12,3)
(w,.,6,4)
(b,.,1,5)
(w,.,7,5)
(w,.,2,6)
(b,.,7,6)
(b,.,6,7)
(w,.,5,8)
(w,.,6,9)
(b,.,22,9)
(b,.,6,10)
(w,.,19,10)
(b,.,3,11)
(b,.,5,11)
(b,.,4,12)
(w,.,5,12)
(w,.,0,14)
(w,.,1,14)
(w,.,2,14)
(w,.,3,14)
(w,.,4,14)
(w,.,5,14)
(w,.,6,14)
(w,.,7,14)
(w,.,8,14)
(w,.,9,14)
(w,.,10,14)
(w,.,11,14)
(w,.,12,14)
(w,.,13,14)
(w,.,14,14)
(w,.,15,14)
(w,.,16,14)
(w,.,17,14)
(w,.,18,14)
(w,.,19,14)
(w,.,20,14)
(w,.,21,14)
(w,.,22,14)
(w,.,23,14)
(w,.,24,14)
(w,.,25,14)
(w,.,26,14)
(w,.,27,14)
(w,.,28,14)
(w,.,29,14)
(w,.,30,14)
(w,.,31,14)
(w,.,9,15)
(w,.,10,15)
(w,.,20,15)
(w,.,21,15)
(w,.,22,15)
(w,.,1,16)
(w,.,2,16)
(w,.,3,16)
(w,.,4,16)
(w,.,5,16)
(w,.,6,16)
(w,.,7,16)
(w,.,9,16)
(w,.,10,16)
(w,.,11,16)
(w,.,12,16)
(w,.,13,16)
(w,.,14,16)
(w,.,16,16)
(w,.,17,16)
(w,.,18,16)
(w,.,19,16)
(w,.,20,16)
(w,.,21,16)
(w,.,22,16)
(w,.,24,16)
(w,.,25,16)
(w,.,26,16)
(w,.,27,16)
(w,.,28,16)
(w,.,29,16)
(w,.,30,16)
(w,.,31,16)
(w,.,9,17)
(w,.,10,17)
(w,.,11,17)
(w,.,12,17)
(w,.,13,17)
(w,.,14,17)
(w,.,16,17)
(w,.,17,17)
(w,.,18,17)
(w,.,19,17)
(w,.,20,17)
(w,.,21,17)
(w,.,22,17)
(w,.,24,17)
(w,.,25,17)
(w,.,26,17)
(w,.,27,17)
(w,.,28,17)
(w,.,29,17)
(w,.,30,17)
(w,.,31,17)
(w,.,1,18)
(w,.,2,18)
(w,.,4,18)
(w,.,5,18)
(w,.,6,18)
(w,.,7,18)
(w,.,8,18)
(w,.,9,18)
(w,.,10,18)
(w,.,11,18)
(w,.,12,18)
(w,.,13,18)
(w,.,14,18)
(w,.,16,18)
(w,.,17,18)
(w,.,18,18)
(w,.,19,18)
(w,.,20,18)
(w,.,21,18)
(w,.,22,18)
(w,.,24,18)
(w,.,25,18)
(w,.,26,18)
(w,.,27,18)
(w,.,28,18)
(w,.,29,18)
(w,.,30,18)
(w,.,31,18)
(w,.,1,19)
(w,.,2,19)
(w,.,3,19)
(w,.,5,19)
(w,.,6,19)
(w,.,7,19)
(w,.,8,19)
(w,.,9,19)
(w,.,10,19)
(w,.,11,19)
(w,.,12,19)
(w,.,13,19)
(w,.,14,19)
(w,.,16,19)
(w,.,17,19)
(w,.,18,19)
(w,.,19,19)
(w,.,20,19)
(w,.,21,19)
(w,.,22,19)
(w,.,24,19)
(w,.,25,19)
(w,.,26,19)
(w,.,27,19)
(w,.,28,19)
(w,.,29,19)
(w,.,30,19)
(w,.,31,19)
(w,.,1,20)
(w,.,2,20)
(w,.,3,20)
(w,.,4,20)
(w,.,9,20)
(w,.,10,20)
(w,.,11,20)
(w,.,12,20)
(w,.,13,20)
(w,.,14,20)
(w,.,16,20)
(w,.,17,20)
(w,.,18,20)
(w,.,19,20)
(w,.,20,20)
(w,.,21,20)
(w,.,22,20)

map:
AAAAAAAAAAAAAAAAAAAAAAAAAAAAAAAA
A                  *    A      A
A  *AAAAAAAAAAA AAAAAAA A A  A*A
A A A         A         A  A  AA
A   AA AAAAAA A  AAAAA  A   A  A
A AAAA  A     A         A A  A*A
A   AAA A AAA@A   AAA   A  A  AA
A A A   A   AAA         A * A *A
A   A AAA     A    A    A A  A A
AAA*A   A     A    *    A   A AA
A   AA AA  A  A         A  A   A
A A A   A     AAAAA AAAAA A  A A
A     AAA     A*            A* A
AAAAAAAAAAAAAAAAAAAAAAAAAAAAAAAA

AAAAAAAAA  AAAAAAAAA   AAAAAAAAA
A       A      A       A
AAAAAAAAA      A       A
A  A           A       A
A   A          A       A
A    AAAA      A       AAAAAAAAA